// Jest Snapshot v1, https://goo.gl/fbAQLP

exports[`App CharacterItem renders App 1`] = `
<DocumentFragment>
  <a
    href="/character/undefined"
  >
    <figure>
      <img />
      <figcaption>
        <h2 />
        <p />
        <p />
      </figcaption>
    </figure>
  </a>
</DocumentFragment>
`;
